// Jest Snapshot v1, https://goo.gl/fbAQLP

exports[`SignUpMenu should match snapshot 1`] = `ShallowWrapper {}`;
